// Jest Snapshot v1, https://goo.gl/fbAQLP

exports[`toTheme - default theme (canonical baseline) produces stable layout + style + postStyle for the default-template theme (dagre/DOWN): default-layout 1`] = `
Object {
  "name": "dagre",
  "rankDir": "TB",
  "spacingFactor": 1.05,
}
`;

exports[`toTheme - default theme (canonical baseline) produces stable layout + style + postStyle for the default-template theme (dagre/DOWN): default-postStyle 1`] = `
"edge.border_dashed { line-style: dashed; }
edge.border_dotted { line-style: dotted; }
edge.border_solid { line-style: solid; }
:childless.shape_rectangle { shape: rectangle; }
:childless.shape_roundrectangle { shape: roundrectangle; }
:childless.shape_ellipse { shape: ellipse; }
:childless.shape_triangle { shape: triangle; }
:childless.shape_pentagon { shape: pentagon; }
:childless.shape_hexagon { shape: hexagon; }
:childless.shape_heptagon { shape: heptagon; }
:childless.shape_octagon { shape: octagon; }
:childless.shape_star { shape: star; }
:childless.shape_barrel { shape: barrel; }
:childless.shape_diamond { shape: diamond; }
:childless.shape_vee { shape: vee; }
:childless.shape_rhomboid { shape: rhomboid; }
:childless.shape_right-rhomboid { shape: right-rhomboid; }
:childless.shape_polygon { shape: polygon; }
:childless.shape_tag { shape: tag; }
:childless.shape_round-rectangle { shape: round-rectangle; }
:childless.shape_cut-rectangle { shape: cut-rectangle; }
:childless.shape_bottom-round-rectangle { shape: bottom-round-rectangle; }
:childless.shape_concave-hexagon { shape: concave-hexagon; }
:childless.shape_iso-trapezoid { shape: polygon; shape-polygon-points: -1 1  1 1  0.5 -1  -0.5 -1; }
:childless.border_none { border-width: 1.5; border-style: none; }
:childless.border_solid { border-width: 1.5; border-style: solid; }
:childless.border_dashed { border-width: 1.5; border-style: dashed; }
:childless.border_dotted { border-width: 1.5; border-style: dotted; }
:childless.border_double { border-width: 1.5; border-style: double; }
:childless.shape_square { shape: rectangle; width: 188; height: 188; }
:childless.shape_roundsquare { shape: roundrectangle; width: 188; height: 188; }
:childless.shape_circle { shape: ellipse; width: 188; height: 188; }
:childless.shape_star { shape: star; width: 188; height: 188; }
:childless.shape_diamond { shape: diamond; width: 188; height: 188; }
:childless.shape_pentagon { shape: pentagon; width: 188; height: 188; }
:childless.shape_hexagon { shape: hexagon; width: 188; height: 188; }
:childless.shape_heptagon { shape: heptagon; width: 188; height: 188; }
:childless.shape_octagon { shape: octagon; width: 188; height: 188; }
:childless[w] { width: data(width); }
:childless[h] { height: data(height); }"
`;

exports[`toTheme - default theme (canonical baseline) produces stable layout + style + postStyle for the default-template theme (dagre/DOWN): default-style 1`] = `
"@import url('/fonts/Satoshi.css');
$width: 188px;
$height: 50px;

$background: #ffffff;
:childless { shape: roundrectangle; label: data(label); text-valign: center; text-halign: center; text-wrap: wrap; text-max-width: 160px; width: 188; height: label; padding: 14; line-height: 1.3; font-family: \\"Satoshi\\"; background-color: #ffffff; color: #1a1f36; border-width: 1.5; border-color: #d9dee8; text-margin-y: 0; font-size: 16; }
edge { curve-style: round-taxi; source-arrow-shape: none; target-arrow-shape: vee; source-arrow-color: #a3adc2; target-arrow-color: #a3adc2; line-color: #a3adc2; text-background-color: #ffffff; text-background-opacity: 1; text-background-padding: 2; color: #a3adc2; width: 2; font-size: 14; label: data(label); line-height: 1.3; font-family: \\"Satoshi\\"; source-distance-from-node: 4; target-distance-from-node: 4; arrow-scale: 0.9; text-rotation: none; taxi-direction: vertical; }
:parent { padding: 10; border-style: solid; border-width: 2; border-color: #a3adc2; background-color: #ffffff; text-valign: top; font-family: \\"Satoshi\\"; label: data(label); color: #1a1f36; font-size: 24; text-margin-y: -5; }
:active { overlay-color: #000000; overlay-opacity: 0; }
:selected { opacity: 0.5; }
core { selection-box-color: #a3adc2; selection-box-opacity: 0.25; selection-box-border-width: 0; active-bg-opacity: 0; }"
`;
